// Jest Snapshot v1, https://goo.gl/fbAQLP

exports[`renders a snapshot of Gallery component 1`] = `
<div
  className="Gallery"
>
  <p
    className="mainButtons"
    onClick={[Function]}
  >
    Go To Gallery
  </p>
</div>
`;

exports[`renders a snapshot of main App component 1`] = `
<div
  className="App"
>
  <button
    onClick={[Function]}
  >
    Go to ThumbNail View
  </button>
  <button
    onClick={[Function]}
  >
    Go to Gallery View
  </button>
  <button
    onClick={[Function]}
  >
    Go to List
  </button>
  <button
    onClick={[Function]}
  >
    Go to Form View
  </button>
  <div
    className="List"
  />
</div>
`;
