// Jest Snapshot v1, https://goo.gl/fbAQLP

exports[`renders a snapshot of Gallery component 1`] = `
<div
  className="Gallery"
>
  <p
    className="mainButtons"
    onClick={[Function]}
  >
    Go To Gallery
  </p>
</div>
`;

exports[`renders a snapshot of main App component 1`] = `
<div
  className="App"
>
  <div>
    <button>
      <a
        className="Link"
        href="/albums"
        onClick={[Function]}
      >
        Go to Albums
      </a>
    </button>
  </div>
</div>
`;
