// Jest Snapshot v1, https://goo.gl/fbAQLP

exports[`ListItem lists images as items 1`] = `
<div
  className="ListItem"
>
  <ul>
    <li>
      Riot Grrrl 1
    </li>
    <li>
      Kathleen Hanna
    </li>
    <li>
      http://www.newyorker.com/wp-content/uploads/2012/11/121126_r22838_g2048-1200.jpg
    </li>
  </ul>
  <ul>
    <li>
      Riot Grrrl 2
    </li>
    <li>
      Corrin Tucker
    </li>
    <li>
      https://s-media-cache-ak0.pinimg.com/originals/a1/1a/d9/a11ad9fb2cf4c687fcb1212db5da342c.jpg
    </li>
  </ul>
  <ul>
    <li>
      Riot Grrrl 3
    </li>
    <li>
      Every Grrrl
    </li>
    <li>
      https://www.speakertv.com/wp-content/uploads/2015/01/every-girl-is-a-riot-girl.jpg
    </li>
  </ul>
</div>
`;
